{
    "Id": "9a935375-6c89-4dda-ae83-b9207e19a3ee",
    "ParentUdi": null,
    "ChildUdi": null,
    "RelationType": "00000000-0000-0000-0000-000000000000",
    "PropertyAlias": null,
    "Culture": null,
    "Udi": "umb://nexurelation/9a9353756c894ddaae83b9207e19a3ee"
}